
DELL@Rahul-Dell-PC MINGW64 ~/Desktop/Vijaya
$ git init
Initialized empty Git repository in C:/Users/DELL/Desktop/Vijaya/.git/

DELL@Rahul-Dell-PC MINGW64 ~/Desktop/Vijaya (master)
$ touch b.java

DELL@Rahul-Dell-PC MINGW64 ~/Desktop/Vijaya (master)
$ git status
On branch master

No commits yet

Untracked files:
  (use "git add <file>..." to include in what will be committed)
        b.java
        bdd.txt

nothing added to commit but untracked files present (use "git add" to track)

DELL@Rahul-Dell-PC MINGW64 ~/Desktop/Vijaya (master)
$ git add -a
error: unknown switch `a'
usage: git add [<options>] [--] <pathspec>...

    -n, --dry-run         dry run
    -v, --verbose         be verbose

    -i, --interactive     interactive picking
    -p, --patch           select hunks interactively
    -e, --edit            edit current diff and apply
    -f, --force           allow adding otherwise ignored files
    -u, --update          update tracked files
    --renormalize         renormalize EOL of tracked files (implies -u)
    -N, --intent-to-add   record only the fact that the path will be added later
    -A, --all             add changes from all tracked and untracked files
    --ignore-removal      ignore paths removed in the working tree (same as --no-all)
    --refresh             don't add, only refresh the index
    --ignore-errors       just skip files which cannot be added because of errors
    --ignore-missing      check if - even missing - files are ignored in dry run
    --sparse              allow updating entries outside of the sparse-checkout cone
    --chmod (+|-)x        override the executable bit of the listed files
    --pathspec-from-file <file>
                          read pathspec from file
    --pathspec-file-nul   with --pathspec-from-file, pathspec elements are separated with NUL character


DELL@Rahul-Dell-PC MINGW64 ~/Desktop/Vijaya (master)
$ git add -A

DELL@Rahul-Dell-PC MINGW64 ~/Desktop/Vijaya (master)
$ git status
On branch master

No commits yet

Changes to be committed:
  (use "git rm --cached <file>..." to unstage)
        new file:   b.java
        new file:   bdd.txt


DELL@Rahul-Dell-PC MINGW64 ~/Desktop/Vijaya (master)
$ git commit -m "cucumber steps added"
[master (root-commit) b997725] cucumber steps added
 2 files changed, 135 insertions(+)
 create mode 100644 b.java
 create mode 100644 bdd.txt

DELL@Rahul-Dell-PC MINGW64 ~/Desktop/Vijaya (master)
$ git remote add origin https://github.com/kashidrahul/Nikita.git

DELL@Rahul-Dell-PC MINGW64 ~/Desktop/Vijaya (master)
$ git push -u origin child
error: src refspec child does not match any
error: failed to push some refs to 'https://github.com/kashidrahul/Nikita.git'

DELL@Rahul-Dell-PC MINGW64 ~/Desktop/Vijaya (master)
$ git checkout child
error: pathspec 'child' did not match any file(s) known to git

DELL@Rahul-Dell-PC MINGW64 ~/Desktop/Vijaya (master)
$ git branch child

DELL@Rahul-Dell-PC MINGW64 ~/Desktop/Vijaya (master)
$ git checkout child
Switched to branch 'child'

DELL@Rahul-Dell-PC MINGW64 ~/Desktop/Vijaya (child)
$ git push -u origin child
Enumerating objects: 4, done.
Counting objects: 100% (4/4), done.
Delta compression using up to 4 threads
Compressing objects: 100% (3/3), done.
Writing objects: 100% (4/4), 1.66 KiB | 1.66 MiB/s, done.
Total 4 (delta 0), reused 0 (delta 0), pack-reused 0
remote:
remote: Create a pull request for 'child' on GitHub by visiting:
remote:      https://github.com/kashidrahul/Nikita/pull/new/child
remote:
To https://github.com/kashidrahul/Nikita.git
 * [new branch]      child -> child
branch 'child' set up to track 'origin/child'.

DELL@Rahul-Dell-PC MINGW64 ~/Desktop/Vijaya (child)
$ git clone https://github.com/kashidrahul/Nikita.git rahul
Cloning into 'rahul'...
remote: Enumerating objects: 7, done.
remote: Counting objects: 100% (7/7), done.
remote: Compressing objects: 100% (4/4), done.
remote: Total 7 (delta 0), reused 7 (delta 0), pack-reused 0
Receiving objects: 100% (7/7), done.

DELL@Rahul-Dell-PC MINGW64 ~/Desktop/Vijaya (child)
$ ^C

DELL@Rahul-Dell-PC MINGW64 ~/Desktop/Vijaya (child)
$
